{
  "checks": {
    "checkpoint": {
      "status": "PASS"
    },
    "ci_integration": {
      "mechanism": "make verify",
      "python": "$(PYTHON)",
      "status": "PASS"
    },
    "citation": {
      "artifact": "CITATION.cff",
      "status": "PASS",
      "version": "0.0.0"
    },
    "contribution": {
      "cla": "NOT_REQUIRED",
      "origin_certification": "DCO-1.1",
      "status": "PASS"
    },
    "dco": {
      "reason": "no external commit range",
      "status": "NOT_REQUESTED"
    },
    "dependencies": {
      "direct_dependencies": 23,
      "runtime_dependencies": 3,
      "status": "PASS"
    },
    "licensing": {
      "assigned_paths": 3543,
      "dep5_license_classes": 3,
      "license_classes": [
        "AGPL-3.0-or-later",
        "Apache-2.0",
        "CC-BY-4.0"
      ],
      "license_text_digests": {
        "LICENSES/AGPL-3.0-or-later.txt": "d8a6cc31abc16b6748c7a21f21611f5a1ec33f67d22ca23d7da1c19b95496bee",
        "LICENSES/Apache-2.0.txt": "074e6e32c86a4c0ef8b3ed25b721ca23aca83df277cd88106ef7177c354615ff",
        "LICENSES/CC-BY-4.0.txt": "d557539df68e771cc1eedcc91d13f70fca930e508d11eedcafa4b15db49e3744"
      },
      "status": "PASS"
    }
  },
  "decision": "PASS",
  "issue_id": "ISSUE-0142",
  "schema_version": "1.0.0"
}
