Canonical remaining Makefile verify commands after corrected license gate.
.venv/Scripts/python.exe -X utf8 -m pytest -q -p no:cacheprovider tests/fnd/license-citation-cff-contribuicao-dco-cla-e-gate-de-pu/test_foundation.py
.................................................                        [100%]
49 passed in 27.28s
.venv/Scripts/python.exe -X utf8 tools/governance/monorepo-greenfield-com-cli-api-web-minimos-e-checks-r/foundation_validation.py --foundation docs/03-engineering/contexts/engineering_governance/monorepo-greenfield-com-cli-api-web-minimos-e-checks-r/foundation-plan.json --contract contracts/contexts/engineering_governance/fnd/monorepo-greenfield-com-cli-api-web-minimos-e-checks-r/examples/monorepo-foundation.json
{"findings": [], "foundation": "docs/03-engineering/contexts/engineering_governance/monorepo-greenfield-com-cli-api-web-minimos-e-checks-r/foundation-plan.json", "status": "PASS"}
.venv/Scripts/python.exe -X utf8 -m pytest -q -p no:cacheprovider tests/fnd/monorepo-greenfield-com-cli-api-web-minimos-e-checks-r/test_foundation.py
......                                                                   [100%]
6 passed in 11.87s
.venv/Scripts/python.exe -X utf8 tools/governance/walking-skeleton-frontendapipostgresqlrabbitmq-celeryw/del-ism-sprint-001-parte-1/foundation_validation.py --policy docs/03-engineering/contexts/engineering_governance/walking-skeleton-frontendapipostgresqlrabbitmq-celeryw/del-ism-sprint-001-parte-1/foundation-policy.json --repository-root .
{"findings": [], "status": "PASS"}
.venv/Scripts/python.exe -X utf8 -m pytest -q -p no:cacheprovider tests/fnd/walking-skeleton-frontendapipostgresqlrabbitmq-celeryw/test_implementation.py
.......                                                                  [100%]
7 passed in 3.86s
.venv/Scripts/python.exe -X utf8 tools/governance/walking-skeleton-frontendapipostgresqlrabbitmq-celeryw/sprint-001-parte-2/foundation_validation.py --policy docs/03-engineering/contexts/engineering_governance/walking-skeleton-frontendapipostgresqlrabbitmq-celeryw/sprint-001-parte-2/foundation-policy.json --repository-root .
{"findings": [], "status": "PASS"}
.venv/Scripts/python.exe -X utf8 -m pytest -q -p no:cacheprovider tests/fnd/walking-skeleton-frontendapipostgresqlrabbitmq-celeryw/test_completion.py tests/fnd/governanca-de-decisoes-arquiteturais-e-manutencao-da-b/test_materialization.py::test_sprint_zero_baseline_decision_09 tests/fnd/governanca-de-decisoes-arquiteturais-e-manutencao-da-b/test_materialization.py::test_sprint_zero_baseline_decision_10
.........                                                                [100%]
9 passed in 1051.89s (0:17:31)
.venv/Scripts/python.exe -X utf8 tools/governance/ruleset-de-main-checks-unicos-codeowners-politica-de-b/foundation_validation.py
{"acceptance_evidence": {"AC-ISSUE-0671-01": "test_epic_091_fundacao", "AC-ISSUE-0671-02": "test_epic_091_fundacao", "AC-ISSUE-0671-03": "test_epic_091_fundacao", "AC-ISSUE-0671-04": "test_epic_091_fundacao"}, "checks": {"checkpoint": "PASS", "ci_integration": "PASS", "codeowners": "PASS", "contract": "PASS", "registry": "PASS", "ruleset": "PASS"}, "ci": {"ci_entrypoint": "make verify", "command": "python -X utf8 tools/governance/ruleset-de-main-checks-unicos-codeowners-politica-de-b/foundation_validation.py", "status": "PASS"}, "decision": "PASS", "issue_id": "ISSUE-0671", "live_ruleset_enforcement": "NOT_ASSERTED_BY_FOUNDATION", "owners": ["@raphaelperrut"], "required_checks": ["verify-foundation", "validate-main-ruleset-controls"], "requirement_evidence": {"REQ-FRZ-003": "test_issue_adr_decision_package_impact_boundary_and_no_silent_divergence", "REQ-GOV-004": "test_codex_issue_scope_required_pr_no_direct_main_or_automerge", "REQ-ISS-003": "test_no_orphan_issue_without_adr_or_local_decision_justification", "REQ-ISS-006": "test_idempotent_dry_run_managed_field_issue_sync", "REQ-PUB-002": "test_contribution_origin_dco_signoff_and_inbound_outbound_policy"}}
.venv/Scripts/python.exe -X utf8 -m pytest -q -p no:cacheprovider tests/fnd/ruleset-de-main-checks-unicos-codeowners-politica-de-b/test_main_ruleset_foundation.py
.....                                                                    [100%]
5 passed in 3.30s
.venv/Scripts/python.exe -X utf8 -m pytest -q -p no:cacheprovider tests/fnd/fechamento-da-sprint-001-e-autorizacao-da-primeira-fat/test_sprint_001_foundation.py
..                                                                       [100%]
2 passed in 588.71s (0:09:48)
