COMMAND = make verify PYTHON=.venv/Scripts/python.exe PNPM=pnpm.cmd
.venv/Scripts/python.exe -m ruff check tools/governance/migrations-ci-secret-dependency-scan-e-telemetria-mini/sgvcal-srg-srp-parte-4/decision_controls.py tests/fnd/migrations-ci-secret-dependency-scan-e-telemetria-mini/test_sgvcal_srg_srp_part_4.py
All checks passed!
.venv/Scripts/python.exe -m mypy tools/governance/migrations-ci-secret-dependency-scan-e-telemetria-mini/sgvcal-srg-srp-parte-4/decision_controls.py
Success: no issues found in 1 source file
pnpm.cmd run frontend:verify

> dsgeorref-workspace@ frontend:verify C:\Users\rapha\OneDrive\Documentos\Asimov\GitHub\DSGeorref
> pnpm --dir src/frontend openapi:check && pnpm --dir src/frontend openapi:diff && pnpm run frontend:typecheck && pnpm run frontend:test:unit && pnpm run frontend:test:browser && pnpm run frontend:build && pnpm --dir src/frontend test:smoke


> @dsgeorref/frontend-tooling@0.0.0 openapi:check C:\Users\rapha\OneDrive\Documentos\Asimov\GitHub\DSGeorref\src\frontend
> node tools/openapi/cli.mjs check

OpenAPI check: PASS

> @dsgeorref/frontend-tooling@0.0.0 openapi:diff C:\Users\rapha\OneDrive\Documentos\Asimov\GitHub\DSGeorref\src\frontend
> node tools/openapi/cli.mjs diff

OpenAPI diff: PASS

> dsgeorref-workspace@ frontend:typecheck C:\Users\rapha\OneDrive\Documentos\Asimov\GitHub\DSGeorref
> pnpm --filter @dsgeorref/frontend-tooling typecheck


> @dsgeorref/frontend-tooling@0.0.0 typecheck C:\Users\rapha\OneDrive\Documentos\Asimov\GitHub\DSGeorref\src\frontend
> tsc --noEmit


> dsgeorref-workspace@ frontend:test:unit C:\Users\rapha\OneDrive\Documentos\Asimov\GitHub\DSGeorref
> pnpm --filter @dsgeorref/frontend-tooling test:unit


> @dsgeorref/frontend-tooling@0.0.0 test:unit C:\Users\rapha\OneDrive\Documentos\Asimov\GitHub\DSGeorref\src\frontend
> vitest run tests/tooling/testing-library.unit.test.ts tests/foundation/openapi.test.mjs tests/foundation/shell.test.tsx --environment jsdom


 RUN  v4.1.11 C:/Users/rapha/OneDrive/Documentos/Asimov/GitHub/DSGeorref/src/frontend


 Test Files  3 passed (3)
      Tests  17 passed (17)
   Start at  14:24:09
   Duration  22.77s (transform 446ms, setup 0ms, import 5.59s, tests 19.68s, environment 15.72s)


> dsgeorref-workspace@ frontend:test:browser C:\Users\rapha\OneDrive\Documentos\Asimov\GitHub\DSGeorref
> pnpm --filter @dsgeorref/frontend-tooling test:browser


> @dsgeorref/frontend-tooling@0.0.0 test:browser C:\Users\rapha\OneDrive\Documentos\Asimov\GitHub\DSGeorref\src\frontend
> playwright test tests/tooling/playwright.browser.spec.ts --browser=chromium


Running 1 test using 1 worker

(node:33252) Warning: The 'NO_COLOR' env is ignored due to the 'FORCE_COLOR' env being set.
(Use `node --trace-warnings ...` to show where the warning was created)
  x  1 [chromium] › tests\tooling\playwright.browser.spec.ts:3:1 › executes the browser gate (6ms)


  1) [chromium] › tests\tooling\playwright.browser.spec.ts:3:1 › executes the browser gate ─────────

    Error: browserType.launch: Executable doesn't exist at C:\Users\rapha\OneDrive\Documentos\Asimov\GitHub\DSGeorref\.playwright-browsers\chromium_headless_shell-1234\chrome-headless-shell-win64\chrome-headless-shell.exe
    ╔════════════════════════════════════════════════════════════╗
    ║ Looks like Playwright was just installed or updated.       ║
    ║ Please run the following command to download new browsers: ║
    ║                                                            ║
    ║     pnpm exec playwright install                           ║
    ║                                                            ║
    ║ <3 Playwright Team                                         ║
    ╚════════════════════════════════════════════════════════════╝

    Error Context: test-results\tests-tooling-playwright.browser-executes-the-browser-gate-chromium\error-context.md

  1 failed
    [chromium] › tests\tooling\playwright.browser.spec.ts:3:1 › executes the browser gate ──────────
C:\Users\rapha\OneDrive\Documentos\Asimov\GitHub\DSGeorref\src\frontend:
 ERR_PNPM_RECURSIVE_RUN_FIRST_FAIL  @dsgeorref/frontend-tooling@0.0.0 test:browser: `playwright test tests/tooling/playwright.browser.spec.ts --browser=chromium`
Exit status 1
 ELIFECYCLE  Command failed with exit code 1.
 ELIFECYCLE  Command failed with exit code 1.
make: *** [Makefile:35: frontend-quality] Error 1

EXIT_CODE = 2
